src/components/LookSection.tsx(112,49): error TS2719: Type 'Product' is not assignable to type 'Product'. Two different types with this name exist, but they are unrelated.
  Types of property 'prices' are incompatible.
    Property 'price_range' is missing in type '{ price: string; regular_price: string; sale_price: string; currency_code: string; currency_symbol: string; currency_minor_unit: number; currency_prefix: string; }' but required in type '{ price: string; regular_price: string; sale_price: string; price_range: any; currency_code: string; currency_symbol: string; currency_minor_unit: number; currency_prefix: string; }'.
src/components/ProductCard.tsx(141,54): error TS7006: Parameter 'img' implicitly has an 'any' type.
src/components/ProductDetail.tsx(430,93): error TS2339: Property 'option' does not exist on type '{ name: string; value: string; }'.
src/components/ProductDetail.tsx(431,92): error TS2339: Property 'option' does not exist on type '{ name: string; value: string; }'.
src/components/ProductDetail.tsx(433,56): error TS18047: 'selectedSize' is possibly 'null'.
src/pages/api/warm-cache.ts(32,26): error TS7006: Parameter 'slug' implicitly has an 'any' type.
